// Vitest Snapshot v1, https://vitest.dev/guide/snapshot.html

exports[`HeroCard > should render correctly 1`] = `
<div>
  <div
    class="card aos-init aos-animate"
    data-aos="fade-up"
    data-aos-duration="2000"
    style="width: 18rem;"
  >
    <img
      alt="1"
      class="card-img-top"
      src="/heroes/1.jpg"
    />
    <div
      class="card-body d-flex flex-column flex-fill"
    >
      <h5
        class="card-title"
      >
        test superhero
      </h5>
      <p
        class="card-text"
      >
        test alter ego
      </p>
      <p
        class="card-text"
      >
        test characters
      </p>
      <a
        class="btn btn-dark mt-auto"
        href="/hero/1"
      >
        Mas informaciÃ³n
      </a>
    </div>
  </div>
</div>
`;
