// Vitest Snapshot v1, https://vitest.dev/guide/snapshot.html

exports[`LoginPage > should render correctly 1`] = `
<div>
  <section
    class="d-flex flex-row align-items-center justify-content-center vh-100"
  >
    <div
      class="d-flex  flex-column align-items-center justify-content-center gap-3 border border-black p-5"
    >
      <h1>
        LoginPage
      </h1>
      <button
        class="btn btn-primary"
        type="button"
      >
        Login
      </button>
    </div>
  </section>
</div>
`;
